---
source: tests/graph_test.rs
assertion_line: 71
expression: snapshots
---
- global_seed: 1
  num_points: 30
  max_neighbor_count: 1
  radius: 5
  rng_type: "rand_xoshiro::xoshiro256plus::Xoshiro256Plus"
  constellation_graph:
    chord: Cmaj
    semitone_offset: -6
    graph:
      nodes:
        - x: 0
          y: 5
          z: 0
        - x: -0.48186162
          y: 4.966032
          z: 0.3260921
        - x: -0.8538491
          y: 4.8905325
          z: 0.5946726
        - x: -0.35522574
          y: 4.987238
          z: -0.03564722
        - x: -0.3267249
          y: 4.9122515
          z: 0.87352014
        - x: -0.5560027
          y: 4.9505806
          z: -0.4273327
        - x: 0.3978722
          y: 4.9512205
          z: 0.57193977
        - x: -1.2500768
          y: 4.839121
          z: 0.14218372
        - x: 1.0611526
          y: 4.801889
          z: 0.9032267
        - x: -0.45250168
          y: 4.8056407
          z: 1.304247
        - x: 0.09877963
          y: 4.932452
          z: 0.8131157
        - x: 0.2315436
          y: 4.865633
          z: 1.1278311
        - x: -1.1213691
          y: 4.603559
          z: 1.596801
        - x: -0.068105005
          y: 4.687251
          z: 1.7392638
        - x: -1.9199497
          y: 4.59352
          z: -0.46191677
        - x: -1.9760897
          y: 4.420082
          z: -1.2481761
        - x: -1.7792746
          y: 4.2693152
          z: -1.8992445
        - x: -2.5851376
          y: 4.218601
          z: -0.72143483
        - x: -2.4742107
          y: 4.16039
          z: -1.2527717
        - x: -0.91771626
          y: 4.9138036
          z: -0.11105234
        - x: -1.5521612
          y: 4.6921887
          z: 0.7577346
        - x: -2.1830754
          y: 4.4980025
          z: 0.046441637
        - x: -2.4439163
          y: 4.3532896
          z: 0.27593747
        - x: 1.4552125
          y: 4.7598276
          z: 0.47581244
        - x: -1.6163744
          y: 4.549238
          z: 1.3006785
        - x: -0.5708639
          y: 4.419575
          z: 2.2674813
        - x: -0.15756111
          y: 4.201559
          z: 2.7059333
        - x: -0.098641604
          y: 3.744413
          z: 3.3120449
        - x: -1.2852378
          y: 4.270076
          z: 2.261552
        - x: -0.18478894
          y: 4.467515
          z: 2.2376692
      node_holes: []
      edge_property: undirected
      edges:
        - - 0
          - 3
          - ~
        - - 1
          - 3
          - ~
        - - 2
          - 1
          - ~
        - - 4
          - 10
          - ~
        - - 5
          - 3
          - ~
        - - 6
          - 10
          - ~
        - - 7
          - 19
          - ~
        - - 8
          - 23
          - ~
        - - 9
          - 4
          - ~
        - - 10
          - 11
          - ~
        - - 12
          - 24
          - ~
        - - 13
          - 9
          - ~
        - - 14
          - 21
          - ~
        - - 15
          - 18
          - ~
        - - 16
          - 15
          - ~
        - - 17
          - 18
          - ~
        - - 20
          - 24
          - ~
        - - 21
          - 22
          - ~
        - - 25
          - 29
          - ~
        - - 26
          - 29
          - ~
        - - 27
          - 26
          - ~
        - - 28
          - 25
          - ~
    islands:
      - - 5
        - 2
        - 1
        - 3
        - 0
      - - 11
        - 6
        - 10
        - 13
        - 9
        - 4
      - - 19
        - 7
      - - 23
        - 8
      - - 20
        - 24
        - 12
      - - 22
        - 21
        - 14
      - - 17
        - 18
        - 16
        - 15
      - - 27
        - 26
        - 29
        - 28
        - 25
- global_seed: 2
  num_points: 30
  max_neighbor_count: 1
  radius: 5
  rng_type: "rand_xoshiro::xoshiro256plus::Xoshiro256Plus"
  constellation_graph:
    chord: Cmaj
    semitone_offset: 0
    graph:
      nodes:
        - x: 0
          y: 5
          z: 0
        - x: 0.51347935
          y: 4.9592247
          z: 0.37740046
        - x: -0.95646846
          y: 4.787545
          z: -1.0791564
        - x: -0.08573956
          y: 4.9276657
          z: -0.8430668
        - x: 0.3221012
          y: 4.9895434
          z: -0.026592748
        - x: 0.05578106
          y: 4.967373
          z: -0.56753236
        - x: -0.11918026
          y: 4.990678
          z: 0.28094438
        - x: -0.6554796
          y: 4.950409
          z: 0.25258636
        - x: -1.2920094
          y: 4.796442
          z: 0.5699624
        - x: -0.80451787
          y: 4.8598647
          z: 0.85700905
        - x: -0.5675702
          y: 4.8507705
          z: 1.0713956
        - x: -1.1511054
          y: 4.851611
          z: -0.36989847
        - x: 0.2043493
          y: 4.9424953
          z: 0.72799784
        - x: -0.48370263
          y: 4.578451
          z: 1.9503381
        - x: -1.1042429
          y: 4.4088197
          z: 2.0839763
        - x: -1.4189234
          y: 4.754163
          z: -0.620154
        - x: -0.0046411017
          y: 4.8401113
          z: 1.2543135
        - x: -1.6616176
          y: 4.5338078
          z: -1.2975422
        - x: -2.1606033
          y: 4.4619746
          z: -0.6500577
        - x: -1.5035919
          y: 4.433586
          z: 1.7557126
        - x: -2.7831063
          y: 4.1283917
          z: -0.45902228
        - x: -2.1559083
          y: 4.33504
          z: -1.2487944
        - x: -2.4989133
          y: 4.321078
          z: 0.2893417
        - x: -0.39911416
          y: 4.9589467
          z: 0.49955752
        - x: -1.908052
          y: 4.6061993
          z: 0.3771818
        - x: -2.8210235
          y: 3.8292418
          z: -1.5423145
        - x: 0.64073896
          y: 4.9082775
          z: 0.7058776
        - x: -2.3170142
          y: 4.417363
          z: -0.3440193
        - x: -2.3786879
          y: 3.9417129
          z: -1.9505752
        - x: -2.193154
          y: 4.082068
          z: 1.8779763
      node_holes: []
      edge_property: undirected
      edges:
        - - 0
          - 4
          - ~
        - - 1
          - 4
          - ~
        - - 2
          - 3
          - ~
        - - 3
          - 5
          - ~
        - - 6
          - 23
          - ~
        - - 7
          - 23
          - ~
        - - 8
          - 9
          - ~
        - - 9
          - 10
          - ~
        - - 11
          - 15
          - ~
        - - 12
          - 26
          - ~
        - - 13
          - 14
          - ~
        - - 14
          - 19
          - ~
        - - 16
          - 12
          - ~
        - - 17
          - 21
          - ~
        - - 18
          - 27
          - ~
        - - 20
          - 27
          - ~
        - - 22
          - 24
          - ~
        - - 25
          - 28
          - ~
        - - 29
          - 19
          - ~
    islands:
      - - 1
        - 4
        - 0
      - - 5
        - 3
        - 2
      - - 7
        - 23
        - 6
      - - 10
        - 9
        - 8
      - - 15
        - 11
      - - 26
        - 16
        - 12
      - - 29
        - 19
        - 14
        - 13
      - - 21
        - 17
      - - 20
        - 27
        - 18
      - - 24
        - 22
      - - 28
        - 25
- global_seed: 9223372036854775807
  num_points: 30
  max_neighbor_count: 1
  radius: 5
  rng_type: "rand_xoshiro::xoshiro256plus::Xoshiro256Plus"
  constellation_graph:
    chord: Cmaj
    semitone_offset: -6
    graph:
      nodes:
        - x: 0
          y: 5
          z: 0
        - x: 0.1412346
          y: 4.961727
          z: -0.60109556
        - x: 0.5348556
          y: 4.8641787
          z: -1.0264969
        - x: -0.07267101
          y: 4.8257055
          z: -1.3066304
        - x: -0.1853845
          y: 4.945359
          z: -0.7134805
        - x: 0.4825057
          y: 4.9665294
          z: 0.31745267
        - x: -0.9008619
          y: 4.9160266
          z: 0.14536564
        - x: -0.9811117
          y: 4.852913
          z: -0.69760895
        - x: 0.81664115
          y: 4.5860834
          z: -1.8168484
        - x: -0.7500314
          y: 4.6703024
          z: -1.6204095
        - x: -1.3981055
          y: 4.7834463
          z: 0.40489542
        - x: 0.71368736
          y: 4.3723783
          z: -2.3179638
        - x: -1.9707779
          y: 4.587135
          z: -0.27244595
        - x: -1.5994989
          y: 4.57935
          z: 1.2129124
        - x: -0.35877237
          y: 4.4785123
          z: -2.1941311
        - x: -2.597455
          y: 4.272096
          z: -0.049226496
        - x: -1.2219007
          y: 4.6621246
          z: -1.3309968
        - x: 0.2771477
          y: 4.1706886
          z: -2.7438192
        - x: -2.1859913
          y: 4.331632
          z: 1.2076448
        - x: -0.0949389
          y: 3.724092
          z: -3.334985
        - x: -2.2019346
          y: 4.465036
          z: -0.46361357
        - x: 1.2598548
          y: 4.656683
          z: -1.31456
        - x: 2.0765336
          y: 4.421378
          z: -1.0674374
        - x: 1.5299664
          y: 4.7341757
          z: -0.49677458
        - x: 2.0183976
          y: 4.1661477
          z: -1.8892545
        - x: 1.2218667
          y: 4.8358173
          z: 0.34916067
        - x: 2.1236212
          y: 4.5090494
          z: -0.39838094
        - x: 2.2753925
          y: 3.8177133
          z: -2.290776
        - x: 2.6423368
          y: 4.1345034
          z: -0.9612159
        - x: 2.9496682
          y: 3.75152
          z: -1.4918294
      node_holes: []
      edge_property: undirected
      edges:
        - - 0
          - 5
          - ~
        - - 1
          - 4
          - ~
        - - 2
          - 1
          - ~
        - - 3
          - 4
          - ~
        - - 6
          - 10
          - ~
        - - 7
          - 16
          - ~
        - - 8
          - 11
          - ~
        - - 9
          - 16
          - ~
        - - 12
          - 20
          - ~
        - - 13
          - 18
          - ~
        - - 14
          - 9
          - ~
        - - 15
          - 20
          - ~
        - - 17
          - 11
          - ~
        - - 19
          - 17
          - ~
        - - 21
          - 23
          - ~
        - - 22
          - 28
          - ~
        - - 23
          - 26
          - ~
        - - 24
          - 27
          - ~
        - - 25
          - 23
          - ~
        - - 29
          - 28
          - ~
    islands:
      - - 5
        - 0
      - - 3
        - 4
        - 2
        - 1
      - - 10
        - 6
      - - 14
        - 9
        - 16
        - 7
      - - 19
        - 17
        - 11
        - 8
      - - 15
        - 20
        - 12
      - - 18
        - 13
      - - 26
        - 25
        - 23
        - 21
      - - 29
        - 28
        - 22
      - - 27
        - 24
- global_seed: -9223372036854775808
  num_points: 30
  max_neighbor_count: 1
  radius: 5
  rng_type: "rand_xoshiro::xoshiro256plus::Xoshiro256Plus"
  constellation_graph:
    chord: Cmaj
    semitone_offset: -11
    graph:
      nodes:
        - x: 0
          y: 5
          z: 0
        - x: -0.21598676
          y: 4.99038
          z: 0.22239505
        - x: -0.18855023
          y: 4.9408555
          z: -0.7432324
        - x: -0.9515528
          y: 4.908412
          z: 0.045169752
        - x: -1.2335254
          y: 4.7892714
          z: -0.73572904
        - x: -1.0324044
          y: 4.847026
          z: 0.663687
        - x: -0.019000944
          y: 4.8925695
          z: -1.0307301
        - x: -0.38784206
          y: 4.9218154
          z: 0.79076767
        - x: -0.34659067
          y: 4.8395925
          z: 1.2075673
        - x: -1.5730757
          y: 4.591612
          z: -1.201056
        - x: -1.7725805
          y: 4.5885005
          z: 0.89644945
        - x: -1.2928675
          y: 4.8196836
          z: -0.31486896
        - x: 0.124353416
          y: 4.9528365
          z: 0.6737563
        - x: -0.49386477
          y: 4.7929106
          z: -1.3357047
        - x: -1.4594023
          y: 4.700639
          z: 0.8798529
        - x: -1.025126
          y: 4.622132
          z: 1.6077983
        - x: -1.7389216
          y: 4.2566447
          z: -1.9639573
        - x: -0.19390377
          y: 4.7567096
          z: 1.5284351
        - x: -1.6154941
          y: 4.271234
          z: 2.036354
        - x: 0.39179498
          y: 4.9755354
          z: -0.30090803
        - x: -1.6079359
          y: 4.696725
          z: 0.59608686
        - x: -0.5250425
          y: 4.9640336
          z: -0.28758094
        - x: -2.0569863
          y: 4.2722898
          z: 1.5863001
        - x: 0.416039
          y: 4.67054
          z: -1.73579
        - x: 1.0851308
          y: 4.3113422
          z: -2.2879722
        - x: 0.103920735
          y: 4.57941
          z: -2.0045462
        - x: -0.2721233
          y: 4.2214813
          z: -2.6655293
        - x: 0.15181817
          y: 4.3592095
          z: -2.444227
        - x: -0.073976174
          y: 4.462075
          z: -2.2548642
        - x: -1.1788684
          y: 4.20758
          z: -2.4303374
      node_holes: []
      edge_property: undirected
      edges:
        - - 0
          - 1
          - ~
        - - 2
          - 6
          - ~
        - - 3
          - 11
          - ~
        - - 4
          - 11
          - ~
        - - 5
          - 14
          - ~
        - - 7
          - 8
          - ~
        - - 8
          - 17
          - ~
        - - 9
          - 4
          - ~
        - - 10
          - 14
          - ~
        - - 12
          - 7
          - ~
        - - 13
          - 6
          - ~
        - - 14
          - 20
          - ~
        - - 15
          - 18
          - ~
        - - 16
          - 9
          - ~
        - - 18
          - 22
          - ~
        - - 19
          - 0
          - ~
        - - 21
          - 3
          - ~
        - - 23
          - 25
          - ~
        - - 24
          - 23
          - ~
        - - 25
          - 28
          - ~
        - - 26
          - 27
          - ~
        - - 27
          - 28
          - ~
        - - 29
          - 26
          - ~
    islands:
      - - 1
        - 19
        - 0
      - - 13
        - 6
        - 2
      - - 16
        - 9
        - 4
        - 11
        - 21
        - 3
      - - 20
        - 10
        - 14
        - 5
      - - 17
        - 8
        - 12
        - 7
      - - 22
        - 18
        - 15
      - - 29
        - 26
        - 27
        - 28
        - 25
        - 24
        - 23
